2026-07-13 14:04:57,436 - ERROR - Exception occurred
Traceback (most recent call last):
  File "d:\A-PYTHON\LOGGING\exceptionoccur.py", line 10, in <module>
    a = 10 / 0
        ~~~^~~
ZeroDivisionError: division by zero
2026-07-13 15:01:09,964:ERROR:Exception while coverting csv to json
Traceback (most recent call last):
  File "d:\A-PYTHON\LOGGING\csvtojson.py", line 12, in <module>
    json.dump(data,file,indent=4)  #JSON
    ~~~~~~~~~^^^^^^^^^^^^^^^^^^^^
  File "C:\Users\avant\AppData\Roaming\uv\python\cpython-3.14.5-windows-x86_64-none\Lib\json\__init__.py", line 181, in dump
    for chunk in iterable:
                 ^^^^^^^^
  File "C:\Users\avant\AppData\Roaming\uv\python\cpython-3.14.5-windows-x86_64-none\Lib\json\encoder.py", line 451, in _iterencode
    newobj = _default(o)
  File "C:\Users\avant\AppData\Roaming\uv\python\cpython-3.14.5-windows-x86_64-none\Lib\json\encoder.py", line 182, in default
    raise TypeError(f'Object of type {o.__class__.__name__} '
                    f'is not JSON serializable')
TypeError: Object of type GenericAlias is not JSON serializable
